<html>
<body>
<pre>
<h1>µVision Build Log</h1>
<h2>Tool Versions:</h2>
IDE-Version: ÂµVision V5.38.0.0
Copyright (C) 2022 ARM Ltd and ARM Germany GmbH. All rights reserved.
License Information: 1 2, 3, LIC=----
 
Tool Versions:
Toolchain:       MDK-Lite  Version: 5.38.0.0
Toolchain Path:  C:\software\useful\Keil\ARM\ARMCLANG\Bin
C Compiler:      ArmClang.exe V6.19
Assembler:       Armasm.exe V6.19
Linker/Locator:  ArmLink.exe V6.19
Library Manager: ArmAr.exe V6.19
Hex Converter:   FromElf.exe V6.19
CPU DLL:         SARMCM3.DLL V5.38.0.0
Dialog DLL:      DCM.DLL V1.17.5.0
Target DLL:      STLink\ST-LINKIII-KEIL_SWO.dll V3.1.0.0
Dialog DLL:      TCM.DLL V1.56.4.0
 
<h2>Project:</h2>
D:\Data\SJTU\Robomaster\CLionProjects\2024_10_12_DBUS\MDK-ARM\2024_10_12_DBUS.uvprojx
Project File Date:  10/12/2024

<h2>Output:</h2>
*** Using Compiler 'V6.19', folder: 'C:\software\useful\Keil\ARM\ARMCLANG\Bin'
Rebuild target '2024_10_12_DBUS'
compiling stm32f4xx_hal_msp.c...
assembling startup_stm32f427xx.s...
compiling stm32f4xx_hal_flash_ramfunc.c...
compiling gpio.c...
compiling dma.c...
compiling tim.c...
compiling main.c...
compiling usart.c...
../Core/Src/stm32f4xx_it.c(23): warning: In file included from...
../Core/Inc\callback.h(32): warning: incompatible pointer types passing 'float[20]' to parameter of type 'const uint8_t *' (aka 'const unsigned char *') [-Wincompatible-pointer-types]
    HAL_UART_Transmit_DMA(&huart6,tx_message,6);
                                  ^~~~~~~~~~
../Drivers/STM32F4xx_HAL_Driver/Inc\stm32f4xx_hal_uart.h(749): note: passing argument to parameter 'pData' here
HAL_StatusTypeDef HAL_UART_Transmit_DMA(UART_HandleTypeDef *huart, const uint8_t *pData, uint16_t Size);
                                                                                  ^
1 warning generated.
compiling stm32f4xx_it.c...
compiling stm32f4xx_hal_rcc_ex.c...
compiling stm32f4xx_hal_flash.c...
compiling stm32f4xx_hal_rcc.c...
compiling stm32f4xx_hal_flash_ex.c...
compiling stm32f4xx_hal_gpio.c...
compiling stm32f4xx_hal_dma_ex.c...
compiling stm32f4xx_hal_pwr.c...
compiling stm32f4xx_hal_tim_ex.c...
compiling stm32f4xx_hal_pwr_ex.c...
compiling stm32f4xx_hal.c...
compiling stm32f4xx_hal_exti.c...
compiling stm32f4xx_hal_cortex.c...
compiling stm32f4xx_hal_dma.c...
compiling system_stm32f4xx.c...
compiling stm32f4xx_hal_tim.c...
compiling stm32f4xx_hal_uart.c...
linking...
Program Size: Code=10880 RO-data=492 RW-data=12 ZI-data=2380  
FromELF: creating hex file...
"2024_10_12_DBUS\2024_10_12_DBUS.axf" - 0 Error(s), 1 Warning(s).

<h2>Software Packages used:</h2>

Package Vendor: ARM
                http://www.keil.com/pack/ARM.CMSIS.5.9.0.pack
                ARM.CMSIS.5.9.0
                CMSIS (Common Microcontroller Software Interface Standard)
   * Component: CORE Version: 5.6.0

Package Vendor: Keil
                https://www.keil.com/pack/Keil.STM32F4xx_DFP.2.17.1.pack
                Keil.STM32F4xx_DFP.2.17.1
                STMicroelectronics STM32F4 Series Device Support, Drivers and Examples

<h2>Collection of Component include folders:</h2>
  ./RTE/_2024_10_12_DBUS
  C:/software/useful/Keil/ARM/Packs/ARM/CMSIS/5.9.0/CMSIS/Core/Include
  C:/software/useful/Keil/ARM/Packs/Keil/STM32F4xx_DFP/2.17.1/Drivers/CMSIS/Device/ST/STM32F4xx/Include

<h2>Collection of Component Files used:</h2>

   * Component: ARM::CMSIS:CORE:5.6.0
      Include file:  CMSIS/Core/Include/tz_context.h
Build Time Elapsed:  00:00:01
</pre>
</body>
</html>
